------------------------------------------------------------
TimeQuest Timing Analyzer Summary
------------------------------------------------------------

Type  : Slow 1200mV 85C Model Setup 'CLOCK_50'
Slack : -5.208
TNS   : -203.049

Type  : Slow 1200mV 85C Model Hold 'CLOCK_50'
Slack : 0.403
TNS   : 0.000

Type  : Slow 1200mV 85C Model Recovery 'CLOCK_50'
Slack : -1.756
TNS   : -27.108

Type  : Slow 1200mV 85C Model Removal 'CLOCK_50'
Slack : 1.081
TNS   : 0.000

Type  : Slow 1200mV 85C Model Minimum Pulse Width 'CLOCK_50'
Slack : -3.000
TNS   : -92.950

Type  : Slow 1200mV 0C Model Setup 'CLOCK_50'
Slack : -4.594
TNS   : -176.516

Type  : Slow 1200mV 0C Model Hold 'CLOCK_50'
Slack : 0.355
TNS   : 0.000

Type  : Slow 1200mV 0C Model Recovery 'CLOCK_50'
Slack : -1.475
TNS   : -22.364

Type  : Slow 1200mV 0C Model Removal 'CLOCK_50'
Slack : 0.994
TNS   : 0.000

Type  : Slow 1200mV 0C Model Minimum Pulse Width 'CLOCK_50'
Slack : -3.000
TNS   : -92.950

Type  : Fast 1200mV 0C Model Setup 'CLOCK_50'
Slack : -2.062
TNS   : -66.365

Type  : Fast 1200mV 0C Model Hold 'CLOCK_50'
Slack : 0.182
TNS   : 0.000

Type  : Fast 1200mV 0C Model Recovery 'CLOCK_50'
Slack : -0.370
TNS   : -3.792

Type  : Fast 1200mV 0C Model Removal 'CLOCK_50'
Slack : 0.507
TNS   : 0.000

Type  : Fast 1200mV 0C Model Minimum Pulse Width 'CLOCK_50'
Slack : -3.000
TNS   : -77.518

------------------------------------------------------------
